<testsuites id="" name="" tests="1" failures="0" skipped="0" errors="0" time="5.987520000000484">
<testsuite name="bookingTest.spec.ts" timestamp="2025-01-28T17:46:03.043Z" hostname="chromium" tests="1" failures="0" skipped="0" time="5.247" errors="0">
<testcase name="Book a hotel in Columbia for the next 5 days" classname="bookingTest.spec.ts" time="5.247">
</testcase>
</testsuite>
</testsuites>